✓ Config saved: results/synthetic/config_20260209_143803.yaml

======================================================================
Experiment: synthetic_robustness
Type: robustness
Data: synthetic
======================================================================


======================================================================
  [Run 1/20] Seed 8996 completed
  [Run 2/20] Seed 1656 completed
  [Run 3/20] Seed 6969 completed
  [Run 4/20] Seed 9459 completed
  [Run 5/20] Seed 3011 completed
  [Run 6/20] Seed 3167 completed
  [Run 7/20] Seed 6438 completed
  [Run 8/20] Seed 6047 completed
  [Run 9/20] Seed 9942 completed
  [Run 10/20] Seed 971 completed
  [Run 11/20] Seed 1549 completed
  [Run 12/20] Seed 4722 completed
  [Run 13/20] Seed 4564 completed
  [Run 14/20] Seed 7794 completed
  [Run 15/20] Seed 5515 completed
  [Run 16/20] Seed 7831 completed
  [Run 17/20] Seed 7429 completed
  [Run 18/20] Seed 553 completed
  [Run 19/20] Seed 7407 completed
  [Run 20/20] Seed 5619 completed

✓ Statistical Test (PID vs Baseline):
  t-statistic: -20.3706
  p-value: 0.000000
  Significant: YES
